time,GHI,DHI,BNI
2005-12-31 21:54:00,69.6875,69.0,1.625
2005-12-31 21:55:00,70.1875,69.625,1.3125
2005-12-31 21:56:00,61.125,60.4375,1.625
2005-12-31 21:57:00,54.5625,53.75,1.75
