time,T2
2008-07-31 23:05:00,283.625
2008-07-31 23:10:00,285.125
2008-07-31 23:15:00,286.125
2008-07-31 23:20:00,287.125